// Jest Snapshot v1, https://jestjs.io/docs/snapshot-testing

exports[`PowerSection Component deve corresponder ao snapshot 1`] = `
<div>
  <section
    class="py-16 px-4 md:px-8 lg:px-16 border-t border-orange-400/10"
  >
    <div
      class="max-w-7xl mx-auto"
    >
      <div
        class="flex items-center gap-3 mb-12"
      >
        <div
          class="h-1 w-12 bg-linear-to-r from-orange-400 to-orange-500"
        />
        <h2
          class="text-2xl font-bold"
        >
          Nível de Poder
        </h2>
      </div>
      <div
        class="space-y-3 p-6 rounded-xl bg-card/40 border border-orange-400/10 backdrop-blur-sm max-w-md"
      >
        <div
          class="flex items-center justify-between"
        >
          <span
            class="capitalize font-semibold text-sm text-orange-400"
          >
            Poder Total
          </span>
          <span
            class="text-lg font-bold text-foreground"
          >
            85
          </span>
        </div>
        <div
          class="w-full bg-card rounded-full h-3 overflow-hidden border border-orange-400/10"
        >
          <div
            class="h-full bg-linear-to-r from-orange-400 to-orange-500 transition-all duration-500"
            style="width: 85%;"
          />
        </div>
      </div>
    </div>
  </section>
</div>
`;
